stable model: 1
X:bird(tweety), fly(tweety);
A:fly(tweety);
Satisfiable