default model: 1
x:book(a11); y:book(a11);
Satisfiable