default model: 1
x:ache(tommy),teething(tommy),like(tommy),child(tommy); y:ache(tommy),teething(tommy),child(tommy),like(tommy);
Satisfiable