default model: 1
x:b; y:b,a;
default model: 2
x:a; y:b,a;
Satisfiable