default model: 1
x:occur(1); y:occur(1);
Satisfiable