stable model: 1
X:marathon;
A:marathon;
stable model: 2
X:relay;
A:relay;
Satisfiable