default model: 1
x:cloudy,prepare_rain_gear; y:cloudy,rainy,prepare_rain_gear;
default model: 2
x:rainy,prepare_rain_gear; y:rainy,prepare_rain_gear;