default model: 1
x:day(d1),open_school(d2),day(d2),schoolday(d1),-snowday(d2),snowday(d1),schoolday(d2); y:day(d1),open_school(d2),day(d2),schoolday(d1),-snowday(d2),snowday(d1),schoolday(d2);
Satisfiable